// Jest Snapshot v1, https://goo.gl/fbAQLP

exports[`should render LoginPage component 1`] = `
<div
  className="box-layout"
>
  <div
    className="box-layout__box"
  >
    <h1
      className="box-layout__title"
    >
      boilerplate
    </h1>
    <p>
      tag line for app
    </p>
    <button
      className="button"
    >
      Login with Google
    </button>
  </div>
</div>
`;
